PS C:\Users\sh42i\OneDrive\デスクトップ> mkdir git_challenge


    ディレクトリ: C:\Users\sh42i\OneDrive\デスクトップ


Mode                 LastWriteTime         Length Name
----                 -------------         ------ ----
d-----        2025/08/15     15:41                git_challenge


PS C:\Users\sh42i\OneDrive\デスクトップ> cd git_challenge
PS C:\Users\sh42i\OneDrive\デスクトップ\git_challenge> git init
Initialized empty Git repository in C:/Users/sh42i/OneDrive/デスクトップ/git_challenge/.git/
PS C:\Users\sh42i\OneDrive\デスクトップ\git_challenge> git status
On branch main

No commits yet

Untracked files:
  (use "git add <file>..." to include in what will be committed)
        hello_world.txt

nothing added to commit but untracked files present (use "git add" to track)
PS C:\Users\sh42i\OneDrive\デスクトップ\git_challenge> git diff "C:\Users\sh42i\OneDrive\デスクトップ\git_challenge\hello_world.txt"
PS C:\Users\sh42i\OneDrive\デスクトップ\git_challenge> git diff hello_world.txt
PS C:\Users\sh42i\OneDrive\デスクトップ\git_challenge> git add hello_world.txt
PS C:\Users\sh42i\OneDrive\デスクトップ\git_challenge> git status
On branch main

No commits yet

Changes to be committed:
  (use "git rm --cached <file>..." to unstage)
        new file:   hello_world.txt

PS C:\Users\sh42i\OneDrive\デスクトップ\git_challenge> git commit -m "Hello, world!を追記し1回目のコミット"
[main (root-commit) 7d154bf] Hello, world!を追記し1回目のコミット
 1 file changed, 1 insertion(+)
 create mode 100644 hello_world.txt
PS C:\Users\sh42i\OneDrive\デスクトップ\git_challenge> git status
On branch main
Changes not staged for commit:
  (use "git add <file>..." to update what will be committed)
  (use "git restore <file>..." to discard changes in working directory)
        modified:   hello_world.txt

no changes added to commit (use "git add" and/or "git commit -a")
PS C:\Users\sh42i\OneDrive\デスクトップ\git_challenge> git diff hello_world.txt
diff --git a/hello_world.txt b/hello_world.txt
index 5dd01c1..42ae6b0 100644
--- a/hello_world.txt
+++ b/hello_world.txt
@@ -1 +1,2 @@
-Hello, world!
\ No newline at end of file
+Hello, world!
+こんにちは、世界！
\ No newline at end of file
PS C:\Users\sh42i\OneDrive\デスクトップ\git_challenge> git add hello_world.txt
PS C:\Users\sh42i\OneDrive\デスクトップ\git_challenge> git status
On branch main
Changes to be committed:
  (use "git restore --staged <file>..." to unstage)
        modified:   hello_world.txt

PS C:\Users\sh42i\OneDrive\デスクトップ\git_challenge> git commit -m "日本語訳を追記し2回目のコミット"
[main c78acd5] 日本語訳を追記し2回目のコミット
 1 file changed, 2 insertions(+), 1 deletion(-)
PS C:\Users\sh42i\OneDrive\デスクトップ\git_challenge> git status
On branch main
nothing to commit, working tree clean
PS C:\Users\sh42i\OneDrive\デスクトップ\git_challenge> git log --oneline
c78acd5 (HEAD -> main) 日本語訳を追記し2回目のコミット
7d154bf Hello, world!を追記し1回目のコミット
PS C:\Users\sh42i\OneDrive\デスクトップ\git_challenge> 